[21-Nov-2024 03:09:57 Europe/Berlin] PHP Warning:  opendir(img/209-canada_goose): Das System kann die angegebene Datei nicht find (code: 2) in C:\xampp\htdocs\Homeofpirates\Control\Projects.php on line 65
[21-Nov-2024 03:09:57 Europe/Berlin] PHP Warning:  opendir(img/209-canada_goose): Failed to open directory: No such file or directory in C:\xampp\htdocs\Homeofpirates\Control\Projects.php on line 65
[21-Nov-2024 03:09:57 Europe/Berlin] PHP Fatal error:  Uncaught TypeError: readdir(): Argument #1 ($dir_handle) must be of type resource or null, bool given in C:\xampp\htdocs\Homeofpirates\Control\Projects.php:67
Stack trace:
#0 C:\xampp\htdocs\Homeofpirates\Control\Projects.php(67): readdir(false)
#1 C:\xampp\htdocs\Homeofpirates\index.php(134): Homeofpirates\Control\Projects->getPictures()
#2 {main}
  thrown in C:\xampp\htdocs\Homeofpirates\Control\Projects.php on line 67
[29-Nov-2024 18:52:20 Europe/Berlin] SessionExpired
[29-Nov-2024 18:53:00 Europe/Berlin] PHP Warning:  scandir(C:\xampp\htdocs\Homeofpirates\Config\..\img/3-marmor_stein): Das System kann die angegebene Datei nicht find (code: 2) in C:\xampp\htdocs\Homeofpirates\Control\Admin\Admin_Projects.php on line 82
[29-Nov-2024 18:53:00 Europe/Berlin] PHP Warning:  scandir(C:\xampp\htdocs\Homeofpirates\Config\..\img/3-marmor_stein): Failed to open directory: No such file or directory in C:\xampp\htdocs\Homeofpirates\Control\Admin\Admin_Projects.php on line 82
[29-Nov-2024 18:53:00 Europe/Berlin] PHP Warning:  scandir(): (errno 2): No such file or directory in C:\xampp\htdocs\Homeofpirates\Control\Admin\Admin_Projects.php on line 82
